{"level":"info","timestamp":"2026-03-16 23:49:15","caller":"app/app.go:25","msg":"Config initialized:"}
{"level":"info","timestamp":"2026-03-16 23:49:15","caller":"app/app.go:26","msg":"Debug mode: true"}
{"level":"info","timestamp":"2026-03-16 23:49:15","caller":"app/app.go:27","msg":"App name: gophermart"}
{"level":"info","timestamp":"2026-03-16 23:49:15","caller":"app/app.go:29","msg":"Initializing database connection..."}
{"level":"info","timestamp":"2026-03-16 23:49:15","caller":"app/app.go:36","msg":"Starting application..."}
{"level":"info","timestamp":"2026-03-16 23:49:15","caller":"app/app.go:58","msg":"Application started"}
{"level":"info","timestamp":"2026-03-16 23:49:15","caller":"http/router.go:53","msg":"HTTP server started on address :8100"}
{"level":"info","timestamp":"2026-03-16 23:50:58","caller":"http/router.go:61","msg":"HTTP server shutdown triggered by context"}
{"level":"info","timestamp":"2026-03-16 23:50:58","caller":"app/app.go:61","msg":"Shutting down application..."}
{"level":"info","timestamp":"2026-03-16 23:50:58","caller":"app/app.go:67","msg":"Application terminated gracefully"}
{"level":"info","timestamp":"2026-03-16 23:51:11","caller":"app/app.go:25","msg":"Config initialized:"}
{"level":"info","timestamp":"2026-03-16 23:51:11","caller":"app/app.go:26","msg":"Debug mode: true"}
{"level":"info","timestamp":"2026-03-16 23:51:11","caller":"app/app.go:27","msg":"App name: gophermart"}
{"level":"info","timestamp":"2026-03-16 23:51:11","caller":"app/app.go:29","msg":"Initializing database connection..."}
{"level":"info","timestamp":"2026-03-16 23:51:11","caller":"app/app.go:36","msg":"Starting application..."}
{"level":"info","timestamp":"2026-03-16 23:51:11","caller":"app/app.go:58","msg":"Application started"}
{"level":"info","timestamp":"2026-03-16 23:51:11","caller":"http/router.go:53","msg":"HTTP server started on address :8100"}
{"level":"info","timestamp":"2026-03-16 23:51:18","caller":"middleware/logging.go:16","msg":"request","method":"POST","path":"/api/user/login","status":200,"time":0.077887035,"ip":"::1"}
{"level":"info","timestamp":"2026-03-16 23:52:24","caller":"app/app.go:61","msg":"Shutting down application..."}
{"level":"info","timestamp":"2026-03-16 23:52:24","caller":"http/router.go:61","msg":"HTTP server shutdown triggered by context"}
{"level":"info","timestamp":"2026-03-16 23:52:24","caller":"app/app.go:67","msg":"Application terminated gracefully"}
{"level":"info","timestamp":"2026-03-16 23:52:26","caller":"app/app.go:25","msg":"Config initialized:"}
{"level":"info","timestamp":"2026-03-16 23:52:26","caller":"app/app.go:26","msg":"Debug mode: true"}
{"level":"info","timestamp":"2026-03-16 23:52:26","caller":"app/app.go:27","msg":"App name: gophermart"}
{"level":"info","timestamp":"2026-03-16 23:52:26","caller":"app/app.go:29","msg":"Initializing database connection..."}
{"level":"info","timestamp":"2026-03-16 23:52:26","caller":"app/app.go:36","msg":"Starting application..."}
{"level":"info","timestamp":"2026-03-16 23:52:26","caller":"app/app.go:58","msg":"Application started"}
{"level":"info","timestamp":"2026-03-16 23:52:26","caller":"http/router.go:53","msg":"HTTP server started on address :8100"}
{"level":"warn","timestamp":"2026-03-16 23:52:37","caller":"http/auth_handler.go:41","msg":"User already exists","login":"klyaksa"}
{"level":"info","timestamp":"2026-03-16 23:52:37","caller":"middleware/logging.go:16","msg":"request","Accept-Encoding":"gzip, deflate, br","method":"POST","path":"/api/user/register","status":409,"time":0.004207234,"ip":"::1"}
{"level":"info","timestamp":"2026-03-16 23:55:56","caller":"http/router.go:61","msg":"HTTP server shutdown triggered by context"}
{"level":"info","timestamp":"2026-03-16 23:55:56","caller":"app/app.go:61","msg":"Shutting down application..."}
{"level":"info","timestamp":"2026-03-16 23:55:56","caller":"app/app.go:67","msg":"Application terminated gracefully"}
{"level":"info","timestamp":"2026-03-17 22:35:13","caller":"app/app.go:25","msg":"Config initialized:"}
{"level":"info","timestamp":"2026-03-17 22:35:13","caller":"app/app.go:26","msg":"Debug mode: true"}
{"level":"info","timestamp":"2026-03-17 22:35:13","caller":"app/app.go:27","msg":"App name: gophermart"}
{"level":"info","timestamp":"2026-03-17 22:35:13","caller":"app/app.go:29","msg":"Initializing database connection..."}
{"level":"error","timestamp":"2026-03-17 22:35:13","caller":"app/app.go:32","msg":"Failed to initialize database connection","error":"apply migrations: migrate: ERROR 20260317163008_create_orders_table.sql: failed to run SQL migration: failed to execute SQL query \"create table if not exists orders (\\n    number VARCHAR(1024) PRIMARY KEY,\\n    status VARCHAR(15) NOT NULL DEFAULT 'NEW',\\n    accrual INTEGER DEFAULT 0,\\n    uploaded_at TIMESTAMPTZ NOT NULL DEFAULT NOW(),\\n    user_id REFERENCES users (id) NOT NULL,\\n    CONSTRAINT status_check CHECK (\\n        status IN ('NEW', 'PROCESSING', 'INVALID', 'PROCESSED')\\n    )\\n);\": ERROR: syntax error at or near \"REFERENCES\" (SQLSTATE 42601)","stacktrace":"github.com/klyakssa/go-diplom.git/internal/app.Run\n\t/mnt/g/kuzmin.spb.ru/go-diplom/internal/app/app.go:32\nmain.main\n\t/mnt/g/kuzmin.spb.ru/go-diplom/cmd/gophermart/main.go:11\nruntime.main\n\t/usr/local/go/src/runtime/proc.go:285"}
{"level":"info","timestamp":"2026-03-17 22:35:45","caller":"app/app.go:25","msg":"Config initialized:"}
{"level":"info","timestamp":"2026-03-17 22:35:45","caller":"app/app.go:26","msg":"Debug mode: true"}
{"level":"info","timestamp":"2026-03-17 22:35:45","caller":"app/app.go:27","msg":"App name: gophermart"}
{"level":"info","timestamp":"2026-03-17 22:35:45","caller":"app/app.go:29","msg":"Initializing database connection..."}
{"level":"error","timestamp":"2026-03-17 22:35:45","caller":"app/app.go:32","msg":"Failed to initialize database connection","error":"apply migrations: migrate: ERROR 20260317163008_create_orders_table.sql: failed to run SQL migration: failed to execute SQL query \"create table if not exists orders (\\n    number VARCHAR(1024) PRIMARY KEY,\\n    status VARCHAR(15) NOT NULL DEFAULT 'NEW',\\n    accrual INTEGER DEFAULT 0,\\n    uploaded_at TIMESTAMPTZ NOT NULL DEFAULT NOW(),\\n    user_id REFERENCES users(id) NOT NULL,\\n    CONSTRAINT status_check CHECK (\\n        status IN ('NEW', 'PROCESSING', 'INVALID', 'PROCESSED')\\n    )\\n);\": ERROR: syntax error at or near \"REFERENCES\" (SQLSTATE 42601)","stacktrace":"github.com/klyakssa/go-diplom.git/internal/app.Run\n\t/mnt/g/kuzmin.spb.ru/go-diplom/internal/app/app.go:32\nmain.main\n\t/mnt/g/kuzmin.spb.ru/go-diplom/cmd/gophermart/main.go:11\nruntime.main\n\t/usr/local/go/src/runtime/proc.go:285"}
{"level":"info","timestamp":"2026-03-17 22:37:04","caller":"app/app.go:25","msg":"Config initialized:"}
{"level":"info","timestamp":"2026-03-17 22:37:04","caller":"app/app.go:26","msg":"Debug mode: true"}
{"level":"info","timestamp":"2026-03-17 22:37:04","caller":"app/app.go:27","msg":"App name: gophermart"}
{"level":"info","timestamp":"2026-03-17 22:37:04","caller":"app/app.go:29","msg":"Initializing database connection..."}
{"level":"info","timestamp":"2026-03-17 22:37:05","caller":"app/app.go:36","msg":"Starting application..."}
{"level":"info","timestamp":"2026-03-17 22:37:05","caller":"app/app.go:62","msg":"Application started"}
{"level":"info","timestamp":"2026-03-17 22:37:05","caller":"http/router.go:53","msg":"HTTP server started on address :8100"}
{"level":"warn","timestamp":"2026-03-17 22:38:15","caller":"http/auth_handler.go:86","msg":"Invalid login or password","login":"klyaksa"}
{"level":"info","timestamp":"2026-03-17 22:38:15","caller":"middleware/logging.go:16","msg":"request","Accept-Encoding":"gzip, deflate, br","method":"POST","path":"/api/user/login","status":401,"time":0.024689676,"ip":"::1"}
{"level":"warn","timestamp":"2026-03-17 22:38:36","caller":"http/auth_handler.go:86","msg":"Invalid login or password","login":"klyaksa"}
{"level":"info","timestamp":"2026-03-17 22:38:36","caller":"middleware/logging.go:16","msg":"request","Accept-Encoding":"gzip, deflate, br","method":"POST","path":"/api/user/login","status":401,"time":0.001451668,"ip":"::1"}
{"level":"warn","timestamp":"2026-03-17 22:38:49","caller":"http/auth_handler.go:86","msg":"Invalid login or password","login":"klyaksa"}
{"level":"info","timestamp":"2026-03-17 22:38:49","caller":"middleware/logging.go:16","msg":"request","Accept-Encoding":"gzip, deflate, br","method":"POST","path":"/api/user/login","status":401,"time":0.001671181,"ip":"::1"}
{"level":"info","timestamp":"2026-03-17 22:38:52","caller":"middleware/logging.go:16","msg":"request","Accept-Encoding":"gzip, deflate, br","method":"POST","path":"/api/user/register","status":200,"time":0.059265665,"ip":"::1"}
{"level":"warn","timestamp":"2026-03-17 22:38:59","caller":"http/auth_handler.go:86","msg":"Invalid login or password","login":"klyaksa"}
{"level":"info","timestamp":"2026-03-17 22:38:59","caller":"middleware/logging.go:16","msg":"request","Accept-Encoding":"gzip, deflate, br","method":"POST","path":"/api/user/login","status":401,"time":0.001027351,"ip":"::1"}
{"level":"warn","timestamp":"2026-03-17 22:39:40","caller":"http/auth_handler.go:86","msg":"Invalid login or password","login":"klyaksa"}
{"level":"info","timestamp":"2026-03-17 22:39:40","caller":"middleware/logging.go:16","msg":"request","Accept-Encoding":"gzip, deflate, br","method":"POST","path":"/api/user/login","status":401,"time":0.002483813,"ip":"::1"}
{"level":"warn","timestamp":"2026-03-17 22:39:41","caller":"http/auth_handler.go:86","msg":"Invalid login or password","login":"klyaksa"}
{"level":"info","timestamp":"2026-03-17 22:39:41","caller":"middleware/logging.go:16","msg":"request","Accept-Encoding":"gzip, deflate, br","method":"POST","path":"/api/user/login","status":401,"time":0.002369107,"ip":"::1"}
{"level":"warn","timestamp":"2026-03-17 22:39:47","caller":"http/auth_handler.go:86","msg":"Invalid login or password","login":"klyaksa"}
{"level":"info","timestamp":"2026-03-17 22:39:47","caller":"middleware/logging.go:16","msg":"request","Accept-Encoding":"gzip, deflate, br","method":"POST","path":"/api/user/login","status":401,"time":0.001320261,"ip":"::1"}
{"level":"warn","timestamp":"2026-03-17 22:39:54","caller":"http/auth_handler.go:86","msg":"Invalid login or password","login":"klyaksa"}
{"level":"info","timestamp":"2026-03-17 22:39:54","caller":"middleware/logging.go:16","msg":"request","Accept-Encoding":"gzip, deflate, br","method":"POST","path":"/api/user/login","status":401,"time":0.001872187,"ip":"::1"}
{"level":"info","timestamp":"2026-03-17 22:40:43","caller":"http/router.go:61","msg":"HTTP server shutdown triggered by context"}
{"level":"info","timestamp":"2026-03-17 22:40:43","caller":"app/app.go:65","msg":"Shutting down application..."}
{"level":"info","timestamp":"2026-03-17 22:40:43","caller":"app/app.go:71","msg":"Application terminated gracefully"}
{"level":"info","timestamp":"2026-03-17 22:43:27","caller":"app/app.go:25","msg":"Config initialized:"}
{"level":"info","timestamp":"2026-03-17 22:43:27","caller":"app/app.go:26","msg":"Debug mode: true"}
{"level":"info","timestamp":"2026-03-17 22:43:27","caller":"app/app.go:27","msg":"App name: gophermart"}
{"level":"info","timestamp":"2026-03-17 22:43:27","caller":"app/app.go:29","msg":"Initializing database connection..."}
{"level":"info","timestamp":"2026-03-17 22:43:28","caller":"app/app.go:36","msg":"Starting application..."}
{"level":"info","timestamp":"2026-03-17 22:43:28","caller":"app/app.go:62","msg":"Application started"}
{"level":"info","timestamp":"2026-03-17 22:43:28","caller":"http/router.go:53","msg":"HTTP server started on address :8100"}
{"level":"warn","timestamp":"2026-03-17 22:43:30","caller":"http/auth_handler.go:86","msg":"Invalid login or password","login":"klyaksa"}
{"level":"info","timestamp":"2026-03-17 22:43:30","caller":"middleware/logging.go:16","msg":"request","Accept-Encoding":"gzip, deflate, br","method":"POST","path":"/api/user/login","status":401,"time":0.004711857,"ip":"::1"}
{"level":"info","timestamp":"2026-03-17 22:43:58","caller":"middleware/logging.go:16","msg":"request","Accept-Encoding":"gzip, deflate, br","method":"POST","path":"/api/user/register","status":200,"time":0.065082252,"ip":"::1"}
{"level":"warn","timestamp":"2026-03-17 22:46:02","caller":"http/auth_handler.go:86","msg":"Invalid login or password","login":"klyaksa"}
{"level":"info","timestamp":"2026-03-17 22:46:02","caller":"middleware/logging.go:16","msg":"request","Accept-Encoding":"gzip, deflate, br","method":"POST","path":"/api/user/login","status":401,"time":0.002182104,"ip":"::1"}
{"level":"warn","timestamp":"2026-03-17 22:46:28","caller":"http/auth_handler.go:86","msg":"Invalid login or password","login":"klyaksa"}
{"level":"info","timestamp":"2026-03-17 22:46:28","caller":"middleware/logging.go:16","msg":"request","Accept-Encoding":"gzip, deflate, br","method":"POST","path":"/api/user/login","status":401,"time":0.001365072,"ip":"::1"}
{"level":"info","timestamp":"2026-03-17 22:49:03","caller":"http/router.go:61","msg":"HTTP server shutdown triggered by context"}
{"level":"info","timestamp":"2026-03-17 22:49:03","caller":"app/app.go:65","msg":"Shutting down application..."}
{"level":"info","timestamp":"2026-03-17 22:49:03","caller":"app/app.go:71","msg":"Application terminated gracefully"}
{"level":"info","timestamp":"2026-03-17 22:49:06","caller":"app/app.go:25","msg":"Config initialized:"}
{"level":"info","timestamp":"2026-03-17 22:49:06","caller":"app/app.go:26","msg":"Debug mode: true"}
{"level":"info","timestamp":"2026-03-17 22:49:06","caller":"app/app.go:27","msg":"App name: gophermart"}
{"level":"info","timestamp":"2026-03-17 22:49:06","caller":"app/app.go:29","msg":"Initializing database connection..."}
{"level":"info","timestamp":"2026-03-17 22:49:06","caller":"app/app.go:36","msg":"Starting application..."}
{"level":"info","timestamp":"2026-03-17 22:49:06","caller":"app/app.go:62","msg":"Application started"}
{"level":"info","timestamp":"2026-03-17 22:49:06","caller":"http/router.go:53","msg":"HTTP server started on address :8100"}
{"level":"warn","timestamp":"2026-03-17 22:49:12","caller":"http/auth_handler.go:81","msg":"User not found","login":"klyaksa"}
{"level":"info","timestamp":"2026-03-17 22:49:12","caller":"middleware/logging.go:16","msg":"request","Accept-Encoding":"gzip, deflate, br","method":"POST","path":"/api/user/login","status":404,"time":0.005305077,"ip":"::1"}
{"level":"info","timestamp":"2026-03-17 22:49:27","caller":"middleware/logging.go:16","msg":"request","Accept-Encoding":"gzip, deflate, br","method":"POST","path":"/api/user/register","status":200,"time":0.059194199,"ip":"::1"}
{"level":"warn","timestamp":"2026-03-17 22:49:29","caller":"http/auth_handler.go:81","msg":"User not found","login":"klyaksa"}
{"level":"info","timestamp":"2026-03-17 22:49:29","caller":"middleware/logging.go:16","msg":"request","Accept-Encoding":"gzip, deflate, br","method":"POST","path":"/api/user/login","status":404,"time":0.001790594,"ip":"::1"}
{"level":"warn","timestamp":"2026-03-17 22:49:38","caller":"http/auth_handler.go:81","msg":"User not found","login":"klyaksa"}
{"level":"info","timestamp":"2026-03-17 22:49:38","caller":"middleware/logging.go:16","msg":"request","Accept-Encoding":"gzip, deflate, br","method":"POST","path":"/api/user/login","status":404,"time":0.002164669,"ip":"::1"}
{"level":"info","timestamp":"2026-03-17 22:50:38","caller":"http/router.go:61","msg":"HTTP server shutdown triggered by context"}
{"level":"info","timestamp":"2026-03-17 22:50:38","caller":"app/app.go:65","msg":"Shutting down application..."}
{"level":"info","timestamp":"2026-03-17 22:50:38","caller":"app/app.go:71","msg":"Application terminated gracefully"}
{"level":"info","timestamp":"2026-03-17 22:50:40","caller":"app/app.go:25","msg":"Config initialized:"}
{"level":"info","timestamp":"2026-03-17 22:50:40","caller":"app/app.go:26","msg":"Debug mode: true"}
{"level":"info","timestamp":"2026-03-17 22:50:40","caller":"app/app.go:27","msg":"App name: gophermart"}
{"level":"info","timestamp":"2026-03-17 22:50:40","caller":"app/app.go:29","msg":"Initializing database connection..."}
{"level":"info","timestamp":"2026-03-17 22:50:40","caller":"app/app.go:36","msg":"Starting application..."}
{"level":"info","timestamp":"2026-03-17 22:50:40","caller":"app/app.go:62","msg":"Application started"}
{"level":"info","timestamp":"2026-03-17 22:50:40","caller":"http/router.go:53","msg":"HTTP server started on address :8100"}
{"level":"info","timestamp":"2026-03-17 22:50:43","caller":"middleware/logging.go:16","msg":"request","Accept-Encoding":"gzip, deflate, br","method":"POST","path":"/api/user/login","status":200,"time":0.058154389,"ip":"::1"}
{"level":"info","timestamp":"2026-03-17 22:51:15","caller":"http/router.go:61","msg":"HTTP server shutdown triggered by context"}
{"level":"info","timestamp":"2026-03-17 22:51:15","caller":"app/app.go:65","msg":"Shutting down application..."}
{"level":"info","timestamp":"2026-03-17 22:51:15","caller":"app/app.go:71","msg":"Application terminated gracefully"}
{"level":"info","timestamp":"2026-03-17 22:51:17","caller":"app/app.go:25","msg":"Config initialized:"}
{"level":"info","timestamp":"2026-03-17 22:51:17","caller":"app/app.go:26","msg":"Debug mode: true"}
{"level":"info","timestamp":"2026-03-17 22:51:17","caller":"app/app.go:27","msg":"App name: gophermart"}
{"level":"info","timestamp":"2026-03-17 22:51:17","caller":"app/app.go:29","msg":"Initializing database connection..."}
{"level":"info","timestamp":"2026-03-17 22:51:17","caller":"app/app.go:36","msg":"Starting application..."}
{"level":"info","timestamp":"2026-03-17 22:51:17","caller":"app/app.go:62","msg":"Application started"}
{"level":"info","timestamp":"2026-03-17 22:51:17","caller":"http/router.go:53","msg":"HTTP server started on address :8100"}
{"level":"info","timestamp":"2026-03-17 22:51:23","caller":"middleware/logging.go:16","msg":"request","Accept-Encoding":"gzip, deflate, br","method":"POST","path":"/api/user/login","status":200,"time":0.056358878,"ip":"::1"}
{"level":"error","timestamp":"2026-03-17 22:51:52","caller":"middleware/recovery.go:17","msg":"panic recovered","error":"runtime error: index out of range [11] with length 11","stack":"goroutine 85 [running]:\nruntime/debug.Stack()\n\t/usr/local/go/src/runtime/debug/stack.go:26 +0x5e\ngithub.com/klyakssa/go-diplom.git/internal/transport/http.NewRouter.Recovery.func1.1()\n\t/mnt/g/kuzmin.spb.ru/go-diplom/internal/middleware/recovery.go:19 +0xe9\npanic({0x128f200?, 0xc00014a360?})\n\t/usr/local/go/src/runtime/panic.go:783 +0x132\ngithub.com/klyakssa/go-diplom.git/pkg/luhn.Valid({0xc0002b5400?, 0x104478b?})\n\t/mnt/g/kuzmin.spb.ru/go-diplom/pkg/luhn/luhn.go:11 +0xd5\ngithub.com/klyakssa/go-diplom.git/internal/service.(*OrdersService).CreateOrder(0xc000264250, {0x1552460, 0xc0000167d0}, {0xc0002b5400, 0xb}, {0x157b5a0, 0x1})\n\t/mnt/g/kuzmin.spb.ru/go-diplom/internal/service/orders_service.go:23 +0x45\ngithub.com/klyakssa/go-diplom.git/internal/transport/http.(*OrdersHandler).CreateOrders(0xc000010228, 0xc0001cc100)\n\t/mnt/g/kuzmin.spb.ru/go-diplom/internal/transport/http/orders_handler.go:47 +0x44b\ngithub.com/gin-gonic/gin.(*Context).Next(0xc0001cc100)\n\t/home/klyaksa/go/pkg/mod/github.com/gin-gonic/gin@v1.12.0/context.go:192 +0x5f\ngithub.com/klyakssa/go-diplom.git/internal/transport/http.(*Router).RegisterRoutes.AuthMiddleware.func1(0xc0001cc100)\n\t/mnt/g/kuzmin.spb.ru/go-diplom/internal/middleware/auth.go:29 +0x212\ngithub.com/gin-gonic/gin.(*Context).Next(0xc0001cc100)\n\t/home/klyaksa/go/pkg/mod/github.com/gin-gonic/gin@v1.12.0/context.go:192 +0x5f\ngithub.com/klyakssa/go-diplom.git/internal/transport/http.NewRouter.GzipMiddleware.func3(0xc0001cc100)\n\t/mnt/g/kuzmin.spb.ru/go-diplom/internal/middleware/gzip.go:33 +0x178\ngithub.com/gin-gonic/gin.(*Context).Next(0xc0001cc100)\n\t/home/klyaksa/go/pkg/mod/github.com/gin-gonic/gin@v1.12.0/context.go:192 +0x5f\ngithub.com/klyakssa/go-diplom.git/internal/transport/http.NewRouter.LoggingMiddleware.func2(0xc0001cc100)\n\t/mnt/g/kuzmin.spb.ru/go-diplom/internal/middleware/logging.go:14 +0x52\ngithub.com/gin-gonic/gin.(*Context).Next(0xc0001cc100)\n\t/home/klyaksa/go/pkg/mod/github.com/gin-gonic/gin@v1.12.0/context.go:192 +0x5f\ngithub.com/klyakssa/go-diplom.git/internal/transport/http.NewRouter.Recovery.func1(0x4b7e5a?)\n\t/mnt/g/kuzmin.spb.ru/go-diplom/internal/middleware/recovery.go:30 +0x48\ngithub.com/gin-gonic/gin.(*Context).Next(0xc0001cc100)\n\t/home/klyaksa/go/pkg/mod/github.com/gin-gonic/gin@v1.12.0/context.go:192 +0x5f\ngithub.com/gin-gonic/gin.(*Engine).handleHTTPRequest(0xc0000e0700, 0xc0001cc100)\n\t/home/klyaksa/go/pkg/mod/github.com/gin-gonic/gin@v1.12.0/gin.go:722 +0x475\ngithub.com/gin-gonic/gin.(*Engine).ServeHTTP(0xc0000e0700, {0x1550a58, 0xc000014690}, 0xc00001ab40)\n\t/home/klyaksa/go/pkg/mod/github.com/gin-gonic/gin@v1.12.0/gin.go:672 +0x1dc\nnet/http.serverHandler.ServeHTTP({0x154c690?}, {0x1550a58?, 0xc000014690?}, 0x6?)\n\t/usr/local/go/src/net/http/server.go:3340 +0x8e\nnet/http.(*conn).serve(0xc0000d0240, {0x1552428, 0xc0001fed20})\n\t/usr/local/go/src/net/http/server.go:2109 +0x665\ncreated by net/http.(*Server).Serve in goroutine 24\n\t/usr/local/go/src/net/http/server.go:3493 +0x485\n","method":"POST","path":"/api/user/orders","stacktrace":"github.com/klyakssa/go-diplom.git/internal/transport/http.NewRouter.Recovery.func1.1\n\t/mnt/g/kuzmin.spb.ru/go-diplom/internal/middleware/recovery.go:17\nruntime.gopanic\n\t/usr/local/go/src/runtime/panic.go:783\nruntime.goPanicIndex\n\t/usr/local/go/src/runtime/panic.go:115\ngithub.com/klyakssa/go-diplom.git/pkg/luhn.Valid\n\t/mnt/g/kuzmin.spb.ru/go-diplom/pkg/luhn/luhn.go:11\ngithub.com/klyakssa/go-diplom.git/internal/service.(*OrdersService).CreateOrder\n\t/mnt/g/kuzmin.spb.ru/go-diplom/internal/service/orders_service.go:23\ngithub.com/klyakssa/go-diplom.git/internal/transport/http.(*OrdersHandler).CreateOrders\n\t/mnt/g/kuzmin.spb.ru/go-diplom/internal/transport/http/orders_handler.go:47\ngithub.com/gin-gonic/gin.(*Context).Next\n\t/home/klyaksa/go/pkg/mod/github.com/gin-gonic/gin@v1.12.0/context.go:192\ngithub.com/klyakssa/go-diplom.git/internal/transport/http.(*Router).RegisterRoutes.AuthMiddleware.func1\n\t/mnt/g/kuzmin.spb.ru/go-diplom/internal/middleware/auth.go:29\ngithub.com/gin-gonic/gin.(*Context).Next\n\t/home/klyaksa/go/pkg/mod/github.com/gin-gonic/gin@v1.12.0/context.go:192\ngithub.com/klyakssa/go-diplom.git/internal/transport/http.NewRouter.GzipMiddleware.func3\n\t/mnt/g/kuzmin.spb.ru/go-diplom/internal/middleware/gzip.go:33\ngithub.com/gin-gonic/gin.(*Context).Next\n\t/home/klyaksa/go/pkg/mod/github.com/gin-gonic/gin@v1.12.0/context.go:192\ngithub.com/klyakssa/go-diplom.git/internal/transport/http.NewRouter.LoggingMiddleware.func2\n\t/mnt/g/kuzmin.spb.ru/go-diplom/internal/middleware/logging.go:14\ngithub.com/gin-gonic/gin.(*Context).Next\n\t/home/klyaksa/go/pkg/mod/github.com/gin-gonic/gin@v1.12.0/context.go:192\ngithub.com/klyakssa/go-diplom.git/internal/transport/http.NewRouter.Recovery.func1\n\t/mnt/g/kuzmin.spb.ru/go-diplom/internal/middleware/recovery.go:30\ngithub.com/gin-gonic/gin.(*Context).Next\n\t/home/klyaksa/go/pkg/mod/github.com/gin-gonic/gin@v1.12.0/context.go:192\ngithub.com/gin-gonic/gin.(*Engine).handleHTTPRequest\n\t/home/klyaksa/go/pkg/mod/github.com/gin-gonic/gin@v1.12.0/gin.go:722\ngithub.com/gin-gonic/gin.(*Engine).ServeHTTP\n\t/home/klyaksa/go/pkg/mod/github.com/gin-gonic/gin@v1.12.0/gin.go:672\nnet/http.serverHandler.ServeHTTP\n\t/usr/local/go/src/net/http/server.go:3340\nnet/http.(*conn).serve\n\t/usr/local/go/src/net/http/server.go:2109"}
{"level":"info","timestamp":"2026-03-17 22:54:36","caller":"http/router.go:61","msg":"HTTP server shutdown triggered by context"}
{"level":"info","timestamp":"2026-03-17 22:54:36","caller":"app/app.go:65","msg":"Shutting down application..."}
{"level":"info","timestamp":"2026-03-17 22:54:36","caller":"app/app.go:71","msg":"Application terminated gracefully"}
{"level":"info","timestamp":"2026-03-17 22:54:38","caller":"app/app.go:25","msg":"Config initialized:"}
{"level":"info","timestamp":"2026-03-17 22:54:38","caller":"app/app.go:26","msg":"Debug mode: true"}
{"level":"info","timestamp":"2026-03-17 22:54:38","caller":"app/app.go:27","msg":"App name: gophermart"}
{"level":"info","timestamp":"2026-03-17 22:54:38","caller":"app/app.go:29","msg":"Initializing database connection..."}
{"level":"info","timestamp":"2026-03-17 22:54:38","caller":"app/app.go:36","msg":"Starting application..."}
{"level":"info","timestamp":"2026-03-17 22:54:38","caller":"app/app.go:62","msg":"Application started"}
{"level":"info","timestamp":"2026-03-17 22:54:38","caller":"http/router.go:53","msg":"HTTP server started on address :8100"}
{"level":"info","timestamp":"2026-03-17 22:54:44","caller":"middleware/logging.go:16","msg":"request","Accept-Encoding":"gzip, deflate, br","method":"POST","path":"/api/user/orders","status":202,"time":0.017026711,"ip":"::1"}
{"level":"warn","timestamp":"2026-03-17 22:55:39","caller":"http/orders_handler.go:55","msg":"Order already added by this user","number":"12345678903"}
{"level":"info","timestamp":"2026-03-17 22:55:39","caller":"middleware/logging.go:16","msg":"request","Accept-Encoding":"gzip, deflate, br","method":"POST","path":"/api/user/orders","status":200,"time":0.001941914,"ip":"::1"}
{"level":"info","timestamp":"2026-03-17 22:57:07","caller":"http/router.go:61","msg":"HTTP server shutdown triggered by context"}
{"level":"info","timestamp":"2026-03-17 22:57:07","caller":"app/app.go:65","msg":"Shutting down application..."}
{"level":"info","timestamp":"2026-03-17 22:57:07","caller":"app/app.go:71","msg":"Application terminated gracefully"}
{"level":"info","timestamp":"2026-03-17 22:57:42","caller":"app/app.go:25","msg":"Config initialized:"}
{"level":"info","timestamp":"2026-03-17 22:57:42","caller":"app/app.go:26","msg":"Debug mode: true"}
{"level":"info","timestamp":"2026-03-17 22:57:42","caller":"app/app.go:27","msg":"App name: gophermart"}
{"level":"info","timestamp":"2026-03-17 22:57:42","caller":"app/app.go:29","msg":"Initializing database connection..."}
{"level":"info","timestamp":"2026-03-17 22:57:42","caller":"app/app.go:36","msg":"Starting application..."}
{"level":"info","timestamp":"2026-03-17 22:57:42","caller":"app/app.go:62","msg":"Application started"}
{"level":"info","timestamp":"2026-03-17 22:57:42","caller":"http/router.go:53","msg":"HTTP server started on address :8100"}
{"level":"info","timestamp":"2026-03-17 22:57:59","caller":"http/router.go:61","msg":"HTTP server shutdown triggered by context"}
{"level":"info","timestamp":"2026-03-17 22:57:59","caller":"app/app.go:65","msg":"Shutting down application..."}
{"level":"info","timestamp":"2026-03-17 22:57:59","caller":"app/app.go:71","msg":"Application terminated gracefully"}
{"level":"info","timestamp":"2026-03-17 22:59:43","caller":"app/app.go:25","msg":"Config initialized:"}
{"level":"info","timestamp":"2026-03-17 22:59:43","caller":"app/app.go:26","msg":"Debug mode: true"}
{"level":"info","timestamp":"2026-03-17 22:59:43","caller":"app/app.go:27","msg":"App name: gophermart"}
{"level":"info","timestamp":"2026-03-17 22:59:43","caller":"app/app.go:29","msg":"Initializing database connection..."}
{"level":"info","timestamp":"2026-03-17 22:59:43","caller":"app/app.go:36","msg":"Starting application..."}
{"level":"info","timestamp":"2026-03-17 22:59:43","caller":"app/app.go:62","msg":"Application started"}
{"level":"info","timestamp":"2026-03-17 22:59:43","caller":"http/router.go:53","msg":"HTTP server started on address :8100"}
{"level":"info","timestamp":"2026-03-17 22:59:48","caller":"middleware/logging.go:16","msg":"request","Accept-Encoding":"gzip, deflate, br","method":"POST","path":"/api/user/orders","status":200,"time":0.02205902,"ip":"::1"}
{"level":"error","timestamp":"2026-03-17 23:00:19","caller":"service/accrual_worker.go:73","msg":"failed to get order","error":"Get \"http://localhost:8080/api/orders/12345678903\": dial tcp 127.0.0.1:8080: connect: connection refused","stacktrace":"github.com/klyakssa/go-diplom.git/internal/service.(*AccrualWorker).process\n\t/mnt/g/kuzmin.spb.ru/go-diplom/internal/service/accrual_worker.go:73\ngithub.com/klyakssa/go-diplom.git/internal/service.(*AccrualWorker).Start\n\t/mnt/g/kuzmin.spb.ru/go-diplom/internal/service/accrual_worker.go:39"}
{"level":"info","timestamp":"2026-03-17 23:00:43","caller":"http/router.go:61","msg":"HTTP server shutdown triggered by context"}
{"level":"info","timestamp":"2026-03-17 23:00:43","caller":"app/app.go:65","msg":"Shutting down application..."}
{"level":"info","timestamp":"2026-03-17 23:00:43","caller":"app/app.go:71","msg":"Application terminated gracefully"}
{"level":"info","timestamp":"2026-03-17 23:00:45","caller":"app/app.go:25","msg":"Config initialized:"}
{"level":"info","timestamp":"2026-03-17 23:00:45","caller":"app/app.go:26","msg":"Debug mode: true"}
{"level":"info","timestamp":"2026-03-17 23:00:45","caller":"app/app.go:27","msg":"App name: gophermart"}
{"level":"info","timestamp":"2026-03-17 23:00:45","caller":"app/app.go:29","msg":"Initializing database connection..."}
{"level":"info","timestamp":"2026-03-17 23:00:45","caller":"app/app.go:36","msg":"Starting application..."}
{"level":"info","timestamp":"2026-03-17 23:00:45","caller":"app/app.go:62","msg":"Application started"}
{"level":"info","timestamp":"2026-03-17 23:00:45","caller":"http/router.go:53","msg":"HTTP server started on address :8100"}
{"level":"info","timestamp":"2026-03-17 23:03:29","caller":"http/router.go:61","msg":"HTTP server shutdown triggered by context"}
{"level":"info","timestamp":"2026-03-17 23:03:29","caller":"app/app.go:65","msg":"Shutting down application..."}
{"level":"info","timestamp":"2026-03-17 23:03:29","caller":"app/app.go:71","msg":"Application terminated gracefully"}
{"level":"info","timestamp":"2026-03-17 23:03:31","caller":"app/app.go:25","msg":"Config initialized:"}
{"level":"info","timestamp":"2026-03-17 23:03:31","caller":"app/app.go:26","msg":"Debug mode: true"}
{"level":"info","timestamp":"2026-03-17 23:03:31","caller":"app/app.go:27","msg":"App name: gophermart"}
{"level":"info","timestamp":"2026-03-17 23:03:31","caller":"app/app.go:29","msg":"Initializing database connection..."}
{"level":"info","timestamp":"2026-03-17 23:03:31","caller":"app/app.go:36","msg":"Starting application..."}
{"level":"info","timestamp":"2026-03-17 23:03:31","caller":"app/app.go:62","msg":"Application started"}
{"level":"info","timestamp":"2026-03-17 23:03:31","caller":"http/router.go:53","msg":"HTTP server started on address :8100"}
{"level":"info","timestamp":"2026-03-17 23:05:07","caller":"http/router.go:61","msg":"HTTP server shutdown triggered by context"}
{"level":"info","timestamp":"2026-03-17 23:05:07","caller":"app/app.go:65","msg":"Shutting down application..."}
{"level":"info","timestamp":"2026-03-17 23:05:07","caller":"app/app.go:71","msg":"Application terminated gracefully"}
{"level":"info","timestamp":"2026-03-17 23:05:08","caller":"app/app.go:25","msg":"Config initialized:"}
{"level":"info","timestamp":"2026-03-17 23:05:08","caller":"app/app.go:26","msg":"Debug mode: true"}
{"level":"info","timestamp":"2026-03-17 23:05:08","caller":"app/app.go:27","msg":"App name: gophermart"}
{"level":"info","timestamp":"2026-03-17 23:05:08","caller":"app/app.go:29","msg":"Initializing database connection..."}
{"level":"info","timestamp":"2026-03-17 23:05:08","caller":"app/app.go:36","msg":"Starting application..."}
{"level":"info","timestamp":"2026-03-17 23:05:08","caller":"app/app.go:62","msg":"Application started"}
{"level":"info","timestamp":"2026-03-17 23:05:08","caller":"http/router.go:53","msg":"HTTP server started on address :8100"}
{"level":"debug","timestamp":"2026-03-17 23:05:11","caller":"service/accrual_worker.go:57","msg":"pending orders received","count":1}
{"level":"debug","timestamp":"2026-03-17 23:05:11","caller":"service/accrual_worker.go:61","msg":"get order","number":"12345678903","user_id":"4","status":"NEW","accrual":0}
{"level":"debug","timestamp":"2026-03-17 23:05:11","caller":"service/accrual_worker.go:80","msg":"accrual response received","order":"","status":"","accrual":0}
{"level":"debug","timestamp":"2026-03-17 23:05:14","caller":"service/accrual_worker.go:57","msg":"pending orders received","count":1}
{"level":"debug","timestamp":"2026-03-17 23:05:14","caller":"service/accrual_worker.go:61","msg":"get order","number":"12345678903","user_id":"4","status":"NEW","accrual":0}
{"level":"debug","timestamp":"2026-03-17 23:05:14","caller":"service/accrual_worker.go:80","msg":"accrual response received","order":"","status":"","accrual":0}
{"level":"debug","timestamp":"2026-03-17 23:05:17","caller":"service/accrual_worker.go:57","msg":"pending orders received","count":1}
{"level":"debug","timestamp":"2026-03-17 23:05:17","caller":"service/accrual_worker.go:61","msg":"get order","number":"12345678903","user_id":"4","status":"NEW","accrual":0}
{"level":"debug","timestamp":"2026-03-17 23:05:17","caller":"service/accrual_worker.go:80","msg":"accrual response received","order":"","status":"","accrual":0}
{"level":"debug","timestamp":"2026-03-17 23:05:20","caller":"service/accrual_worker.go:57","msg":"pending orders received","count":1}
{"level":"debug","timestamp":"2026-03-17 23:05:20","caller":"service/accrual_worker.go:61","msg":"get order","number":"12345678903","user_id":"4","status":"NEW","accrual":0}
{"level":"debug","timestamp":"2026-03-17 23:05:20","caller":"service/accrual_worker.go:80","msg":"accrual response received","order":"","status":"","accrual":0}
{"level":"debug","timestamp":"2026-03-17 23:05:23","caller":"service/accrual_worker.go:57","msg":"pending orders received","count":1}
{"level":"debug","timestamp":"2026-03-17 23:05:23","caller":"service/accrual_worker.go:61","msg":"get order","number":"12345678903","user_id":"4","status":"NEW","accrual":0}
{"level":"debug","timestamp":"2026-03-17 23:05:23","caller":"service/accrual_worker.go:80","msg":"accrual response received","order":"","status":"","accrual":0}
{"level":"debug","timestamp":"2026-03-17 23:05:26","caller":"service/accrual_worker.go:57","msg":"pending orders received","count":1}
{"level":"debug","timestamp":"2026-03-17 23:05:26","caller":"service/accrual_worker.go:61","msg":"get order","number":"12345678903","user_id":"4","status":"NEW","accrual":0}
{"level":"debug","timestamp":"2026-03-17 23:05:26","caller":"service/accrual_worker.go:80","msg":"accrual response received","order":"","status":"","accrual":0}
{"level":"debug","timestamp":"2026-03-17 23:05:29","caller":"service/accrual_worker.go:57","msg":"pending orders received","count":1}
{"level":"debug","timestamp":"2026-03-17 23:05:29","caller":"service/accrual_worker.go:61","msg":"get order","number":"12345678903","user_id":"4","status":"NEW","accrual":0}
{"level":"debug","timestamp":"2026-03-17 23:05:29","caller":"service/accrual_worker.go:80","msg":"accrual response received","order":"","status":"","accrual":0}
{"level":"debug","timestamp":"2026-03-17 23:05:32","caller":"service/accrual_worker.go:57","msg":"pending orders received","count":1}
{"level":"debug","timestamp":"2026-03-17 23:05:32","caller":"service/accrual_worker.go:61","msg":"get order","number":"12345678903","user_id":"4","status":"NEW","accrual":0}
{"level":"debug","timestamp":"2026-03-17 23:05:32","caller":"service/accrual_worker.go:80","msg":"accrual response received","order":"","status":"","accrual":0}
{"level":"debug","timestamp":"2026-03-17 23:05:35","caller":"service/accrual_worker.go:57","msg":"pending orders received","count":1}
{"level":"debug","timestamp":"2026-03-17 23:05:35","caller":"service/accrual_worker.go:61","msg":"get order","number":"12345678903","user_id":"4","status":"NEW","accrual":0}
{"level":"debug","timestamp":"2026-03-17 23:05:35","caller":"service/accrual_worker.go:80","msg":"accrual response received","order":"","status":"","accrual":0}
{"level":"debug","timestamp":"2026-03-17 23:05:38","caller":"service/accrual_worker.go:57","msg":"pending orders received","count":1}
{"level":"debug","timestamp":"2026-03-17 23:05:38","caller":"service/accrual_worker.go:61","msg":"get order","number":"12345678903","user_id":"4","status":"NEW","accrual":0}
{"level":"debug","timestamp":"2026-03-17 23:05:38","caller":"service/accrual_worker.go:80","msg":"accrual response received","order":"","status":"","accrual":0}
{"level":"debug","timestamp":"2026-03-17 23:05:41","caller":"service/accrual_worker.go:57","msg":"pending orders received","count":1}
{"level":"debug","timestamp":"2026-03-17 23:05:41","caller":"service/accrual_worker.go:61","msg":"get order","number":"12345678903","user_id":"4","status":"NEW","accrual":0}
{"level":"debug","timestamp":"2026-03-17 23:05:41","caller":"service/accrual_worker.go:80","msg":"accrual response received","order":"","status":"","accrual":0}
{"level":"debug","timestamp":"2026-03-17 23:05:44","caller":"service/accrual_worker.go:57","msg":"pending orders received","count":1}
{"level":"debug","timestamp":"2026-03-17 23:05:44","caller":"service/accrual_worker.go:61","msg":"get order","number":"12345678903","user_id":"4","status":"NEW","accrual":0}
{"level":"debug","timestamp":"2026-03-17 23:05:44","caller":"service/accrual_worker.go:80","msg":"accrual response received","order":"","status":"","accrual":0}
{"level":"debug","timestamp":"2026-03-17 23:05:47","caller":"service/accrual_worker.go:57","msg":"pending orders received","count":1}
{"level":"debug","timestamp":"2026-03-17 23:05:47","caller":"service/accrual_worker.go:61","msg":"get order","number":"12345678903","user_id":"4","status":"NEW","accrual":0}
{"level":"debug","timestamp":"2026-03-17 23:05:47","caller":"service/accrual_worker.go:80","msg":"accrual response received","order":"","status":"","accrual":0}
{"level":"debug","timestamp":"2026-03-17 23:05:50","caller":"service/accrual_worker.go:57","msg":"pending orders received","count":1}
{"level":"debug","timestamp":"2026-03-17 23:05:50","caller":"service/accrual_worker.go:61","msg":"get order","number":"12345678903","user_id":"4","status":"NEW","accrual":0}
{"level":"debug","timestamp":"2026-03-17 23:05:50","caller":"service/accrual_worker.go:80","msg":"accrual response received","order":"","status":"","accrual":0}
{"level":"debug","timestamp":"2026-03-17 23:05:53","caller":"service/accrual_worker.go:57","msg":"pending orders received","count":1}
{"level":"debug","timestamp":"2026-03-17 23:05:53","caller":"service/accrual_worker.go:61","msg":"get order","number":"12345678903","user_id":"4","status":"NEW","accrual":0}
{"level":"debug","timestamp":"2026-03-17 23:05:53","caller":"service/accrual_worker.go:80","msg":"accrual response received","order":"","status":"","accrual":0}
{"level":"debug","timestamp":"2026-03-17 23:05:56","caller":"service/accrual_worker.go:57","msg":"pending orders received","count":1}
{"level":"debug","timestamp":"2026-03-17 23:05:56","caller":"service/accrual_worker.go:61","msg":"get order","number":"12345678903","user_id":"4","status":"NEW","accrual":0}
{"level":"debug","timestamp":"2026-03-17 23:05:56","caller":"service/accrual_worker.go:80","msg":"accrual response received","order":"","status":"","accrual":0}
{"level":"debug","timestamp":"2026-03-17 23:05:59","caller":"service/accrual_worker.go:57","msg":"pending orders received","count":1}
{"level":"debug","timestamp":"2026-03-17 23:05:59","caller":"service/accrual_worker.go:61","msg":"get order","number":"12345678903","user_id":"4","status":"NEW","accrual":0}
{"level":"debug","timestamp":"2026-03-17 23:05:59","caller":"service/accrual_worker.go:80","msg":"accrual response received","order":"","status":"","accrual":0}
{"level":"debug","timestamp":"2026-03-17 23:06:02","caller":"service/accrual_worker.go:57","msg":"pending orders received","count":1}
{"level":"debug","timestamp":"2026-03-17 23:06:02","caller":"service/accrual_worker.go:61","msg":"get order","number":"12345678903","user_id":"4","status":"NEW","accrual":0}
{"level":"debug","timestamp":"2026-03-17 23:06:02","caller":"service/accrual_worker.go:80","msg":"accrual response received","order":"","status":"","accrual":0}
{"level":"debug","timestamp":"2026-03-17 23:06:05","caller":"service/accrual_worker.go:57","msg":"pending orders received","count":1}
{"level":"debug","timestamp":"2026-03-17 23:06:05","caller":"service/accrual_worker.go:61","msg":"get order","number":"12345678903","user_id":"4","status":"NEW","accrual":0}
{"level":"debug","timestamp":"2026-03-17 23:06:05","caller":"service/accrual_worker.go:80","msg":"accrual response received","order":"","status":"","accrual":0}
{"level":"debug","timestamp":"2026-03-17 23:06:08","caller":"service/accrual_worker.go:57","msg":"pending orders received","count":1}
{"level":"debug","timestamp":"2026-03-17 23:06:08","caller":"service/accrual_worker.go:61","msg":"get order","number":"12345678903","user_id":"4","status":"NEW","accrual":0}
{"level":"debug","timestamp":"2026-03-17 23:06:08","caller":"service/accrual_worker.go:80","msg":"accrual response received","order":"","status":"","accrual":0}
{"level":"debug","timestamp":"2026-03-17 23:06:11","caller":"service/accrual_worker.go:57","msg":"pending orders received","count":1}
{"level":"debug","timestamp":"2026-03-17 23:06:11","caller":"service/accrual_worker.go:61","msg":"get order","number":"12345678903","user_id":"4","status":"NEW","accrual":0}
{"level":"debug","timestamp":"2026-03-17 23:06:11","caller":"service/accrual_worker.go:80","msg":"accrual response received","order":"","status":"","accrual":0}
{"level":"debug","timestamp":"2026-03-17 23:06:14","caller":"service/accrual_worker.go:57","msg":"pending orders received","count":1}
{"level":"debug","timestamp":"2026-03-17 23:06:14","caller":"service/accrual_worker.go:61","msg":"get order","number":"12345678903","user_id":"4","status":"NEW","accrual":0}
{"level":"debug","timestamp":"2026-03-17 23:06:14","caller":"service/accrual_worker.go:80","msg":"accrual response received","order":"","status":"","accrual":0}
{"level":"debug","timestamp":"2026-03-17 23:06:17","caller":"service/accrual_worker.go:57","msg":"pending orders received","count":1}
{"level":"debug","timestamp":"2026-03-17 23:06:17","caller":"service/accrual_worker.go:61","msg":"get order","number":"12345678903","user_id":"4","status":"NEW","accrual":0}
{"level":"debug","timestamp":"2026-03-17 23:06:17","caller":"service/accrual_worker.go:80","msg":"accrual response received","order":"","status":"","accrual":0}
{"level":"debug","timestamp":"2026-03-17 23:06:20","caller":"service/accrual_worker.go:57","msg":"pending orders received","count":1}
{"level":"debug","timestamp":"2026-03-17 23:06:20","caller":"service/accrual_worker.go:61","msg":"get order","number":"12345678903","user_id":"4","status":"NEW","accrual":0}
{"level":"debug","timestamp":"2026-03-17 23:06:20","caller":"service/accrual_worker.go:80","msg":"accrual response received","order":"","status":"","accrual":0}
{"level":"debug","timestamp":"2026-03-17 23:06:23","caller":"service/accrual_worker.go:57","msg":"pending orders received","count":1}
{"level":"debug","timestamp":"2026-03-17 23:06:23","caller":"service/accrual_worker.go:61","msg":"get order","number":"12345678903","user_id":"4","status":"NEW","accrual":0}
{"level":"debug","timestamp":"2026-03-17 23:06:23","caller":"service/accrual_worker.go:80","msg":"accrual response received","order":"","status":"","accrual":0}
{"level":"debug","timestamp":"2026-03-17 23:06:26","caller":"service/accrual_worker.go:57","msg":"pending orders received","count":1}
{"level":"debug","timestamp":"2026-03-17 23:06:26","caller":"service/accrual_worker.go:61","msg":"get order","number":"12345678903","user_id":"4","status":"NEW","accrual":0}
{"level":"debug","timestamp":"2026-03-17 23:06:26","caller":"service/accrual_worker.go:80","msg":"accrual response received","order":"","status":"","accrual":0}
{"level":"debug","timestamp":"2026-03-17 23:06:29","caller":"service/accrual_worker.go:57","msg":"pending orders received","count":1}
{"level":"debug","timestamp":"2026-03-17 23:06:29","caller":"service/accrual_worker.go:61","msg":"get order","number":"12345678903","user_id":"4","status":"NEW","accrual":0}
{"level":"debug","timestamp":"2026-03-17 23:06:29","caller":"service/accrual_worker.go:80","msg":"accrual response received","order":"","status":"","accrual":0}
{"level":"debug","timestamp":"2026-03-17 23:06:32","caller":"service/accrual_worker.go:57","msg":"pending orders received","count":1}
{"level":"debug","timestamp":"2026-03-17 23:06:32","caller":"service/accrual_worker.go:61","msg":"get order","number":"12345678903","user_id":"4","status":"NEW","accrual":0}
{"level":"debug","timestamp":"2026-03-17 23:06:32","caller":"service/accrual_worker.go:80","msg":"accrual response received","order":"","status":"","accrual":0}
{"level":"debug","timestamp":"2026-03-17 23:06:35","caller":"service/accrual_worker.go:57","msg":"pending orders received","count":1}
{"level":"debug","timestamp":"2026-03-17 23:06:35","caller":"service/accrual_worker.go:61","msg":"get order","number":"12345678903","user_id":"4","status":"NEW","accrual":0}
{"level":"debug","timestamp":"2026-03-17 23:06:35","caller":"service/accrual_worker.go:80","msg":"accrual response received","order":"","status":"","accrual":0}
{"level":"debug","timestamp":"2026-03-17 23:06:38","caller":"service/accrual_worker.go:57","msg":"pending orders received","count":1}
{"level":"debug","timestamp":"2026-03-17 23:06:38","caller":"service/accrual_worker.go:61","msg":"get order","number":"12345678903","user_id":"4","status":"NEW","accrual":0}
{"level":"debug","timestamp":"2026-03-17 23:06:38","caller":"service/accrual_worker.go:80","msg":"accrual response received","order":"","status":"","accrual":0}
{"level":"debug","timestamp":"2026-03-17 23:06:41","caller":"service/accrual_worker.go:57","msg":"pending orders received","count":1}
{"level":"debug","timestamp":"2026-03-17 23:06:41","caller":"service/accrual_worker.go:61","msg":"get order","number":"12345678903","user_id":"4","status":"NEW","accrual":0}
{"level":"debug","timestamp":"2026-03-17 23:06:41","caller":"service/accrual_worker.go:80","msg":"accrual response received","order":"","status":"","accrual":0}
{"level":"debug","timestamp":"2026-03-17 23:06:44","caller":"service/accrual_worker.go:57","msg":"pending orders received","count":1}
{"level":"debug","timestamp":"2026-03-17 23:06:44","caller":"service/accrual_worker.go:61","msg":"get order","number":"12345678903","user_id":"4","status":"NEW","accrual":0}
{"level":"debug","timestamp":"2026-03-17 23:06:44","caller":"service/accrual_worker.go:80","msg":"accrual response received","order":"","status":"","accrual":0}
{"level":"debug","timestamp":"2026-03-17 23:06:47","caller":"service/accrual_worker.go:57","msg":"pending orders received","count":1}
{"level":"debug","timestamp":"2026-03-17 23:06:47","caller":"service/accrual_worker.go:61","msg":"get order","number":"12345678903","user_id":"4","status":"NEW","accrual":0}
{"level":"debug","timestamp":"2026-03-17 23:06:47","caller":"service/accrual_worker.go:80","msg":"accrual response received","order":"","status":"","accrual":0}
{"level":"debug","timestamp":"2026-03-17 23:06:50","caller":"service/accrual_worker.go:57","msg":"pending orders received","count":1}
{"level":"debug","timestamp":"2026-03-17 23:06:50","caller":"service/accrual_worker.go:61","msg":"get order","number":"12345678903","user_id":"4","status":"NEW","accrual":0}
{"level":"debug","timestamp":"2026-03-17 23:06:50","caller":"service/accrual_worker.go:80","msg":"accrual response received","order":"","status":"","accrual":0}
{"level":"debug","timestamp":"2026-03-17 23:06:53","caller":"service/accrual_worker.go:57","msg":"pending orders received","count":1}
{"level":"debug","timestamp":"2026-03-17 23:06:53","caller":"service/accrual_worker.go:61","msg":"get order","number":"12345678903","user_id":"4","status":"NEW","accrual":0}
{"level":"debug","timestamp":"2026-03-17 23:06:53","caller":"service/accrual_worker.go:80","msg":"accrual response received","order":"","status":"","accrual":0}
{"level":"debug","timestamp":"2026-03-17 23:06:56","caller":"service/accrual_worker.go:57","msg":"pending orders received","count":1}
{"level":"debug","timestamp":"2026-03-17 23:06:56","caller":"service/accrual_worker.go:61","msg":"get order","number":"12345678903","user_id":"4","status":"NEW","accrual":0}
{"level":"debug","timestamp":"2026-03-17 23:06:56","caller":"service/accrual_worker.go:80","msg":"accrual response received","order":"","status":"","accrual":0}
{"level":"debug","timestamp":"2026-03-17 23:06:59","caller":"service/accrual_worker.go:57","msg":"pending orders received","count":1}
{"level":"debug","timestamp":"2026-03-17 23:06:59","caller":"service/accrual_worker.go:61","msg":"get order","number":"12345678903","user_id":"4","status":"NEW","accrual":0}
{"level":"debug","timestamp":"2026-03-17 23:06:59","caller":"service/accrual_worker.go:80","msg":"accrual response received","order":"","status":"","accrual":0}
{"level":"debug","timestamp":"2026-03-17 23:07:02","caller":"service/accrual_worker.go:57","msg":"pending orders received","count":1}
{"level":"debug","timestamp":"2026-03-17 23:07:02","caller":"service/accrual_worker.go:61","msg":"get order","number":"12345678903","user_id":"4","status":"NEW","accrual":0}
{"level":"debug","timestamp":"2026-03-17 23:07:02","caller":"service/accrual_worker.go:80","msg":"accrual response received","order":"","status":"","accrual":0}
{"level":"info","timestamp":"2026-03-17 23:07:04","caller":"http/router.go:61","msg":"HTTP server shutdown triggered by context"}
{"level":"info","timestamp":"2026-03-17 23:07:04","caller":"app/app.go:65","msg":"Shutting down application..."}
{"level":"info","timestamp":"2026-03-17 23:07:04","caller":"app/app.go:71","msg":"Application terminated gracefully"}
{"level":"info","timestamp":"2026-03-17 23:07:08","caller":"app/app.go:25","msg":"Config initialized:"}
{"level":"info","timestamp":"2026-03-17 23:07:08","caller":"app/app.go:26","msg":"Debug mode: true"}
{"level":"info","timestamp":"2026-03-17 23:07:08","caller":"app/app.go:27","msg":"App name: gophermart"}
{"level":"info","timestamp":"2026-03-17 23:07:08","caller":"app/app.go:29","msg":"Initializing database connection..."}
{"level":"info","timestamp":"2026-03-17 23:07:08","caller":"app/app.go:36","msg":"Starting application..."}
{"level":"info","timestamp":"2026-03-17 23:07:08","caller":"app/app.go:62","msg":"Application started"}
{"level":"info","timestamp":"2026-03-17 23:07:08","caller":"http/router.go:53","msg":"HTTP server started on address :8100"}
{"level":"debug","timestamp":"2026-03-17 23:07:11","caller":"service/accrual_worker.go:57","msg":"pending orders received","count":1}
{"level":"debug","timestamp":"2026-03-17 23:07:11","caller":"service/accrual_worker.go:61","msg":"get order","number":"12345678903","user_id":"4","status":"NEW","accrual":0}
{"level":"debug","timestamp":"2026-03-17 23:07:11","caller":"service/accrual_worker.go:80","msg":"accrual response received","order":"","status":"","accrual":0,"code":204}
{"level":"debug","timestamp":"2026-03-17 23:07:14","caller":"service/accrual_worker.go:57","msg":"pending orders received","count":1}
{"level":"debug","timestamp":"2026-03-17 23:07:14","caller":"service/accrual_worker.go:61","msg":"get order","number":"12345678903","user_id":"4","status":"NEW","accrual":0}
{"level":"debug","timestamp":"2026-03-17 23:07:14","caller":"service/accrual_worker.go:80","msg":"accrual response received","order":"","status":"","accrual":0,"code":204}
{"level":"debug","timestamp":"2026-03-17 23:07:17","caller":"service/accrual_worker.go:57","msg":"pending orders received","count":1}
{"level":"debug","timestamp":"2026-03-17 23:07:17","caller":"service/accrual_worker.go:61","msg":"get order","number":"12345678903","user_id":"4","status":"NEW","accrual":0}
{"level":"debug","timestamp":"2026-03-17 23:07:17","caller":"service/accrual_worker.go:80","msg":"accrual response received","order":"","status":"","accrual":0,"code":204}
{"level":"debug","timestamp":"2026-03-17 23:07:20","caller":"service/accrual_worker.go:57","msg":"pending orders received","count":1}
{"level":"debug","timestamp":"2026-03-17 23:07:20","caller":"service/accrual_worker.go:61","msg":"get order","number":"12345678903","user_id":"4","status":"NEW","accrual":0}
{"level":"debug","timestamp":"2026-03-17 23:07:20","caller":"service/accrual_worker.go:80","msg":"accrual response received","order":"","status":"","accrual":0,"code":204}
{"level":"debug","timestamp":"2026-03-17 23:07:23","caller":"service/accrual_worker.go:57","msg":"pending orders received","count":1}
{"level":"debug","timestamp":"2026-03-17 23:07:23","caller":"service/accrual_worker.go:61","msg":"get order","number":"12345678903","user_id":"4","status":"NEW","accrual":0}
{"level":"debug","timestamp":"2026-03-17 23:07:23","caller":"service/accrual_worker.go:80","msg":"accrual response received","order":"","status":"","accrual":0,"code":204}
{"level":"debug","timestamp":"2026-03-17 23:07:26","caller":"service/accrual_worker.go:57","msg":"pending orders received","count":1}
{"level":"debug","timestamp":"2026-03-17 23:07:26","caller":"service/accrual_worker.go:61","msg":"get order","number":"12345678903","user_id":"4","status":"NEW","accrual":0}
{"level":"debug","timestamp":"2026-03-17 23:07:26","caller":"service/accrual_worker.go:80","msg":"accrual response received","order":"","status":"","accrual":0,"code":204}
{"level":"debug","timestamp":"2026-03-17 23:07:29","caller":"service/accrual_worker.go:57","msg":"pending orders received","count":1}
{"level":"debug","timestamp":"2026-03-17 23:07:29","caller":"service/accrual_worker.go:61","msg":"get order","number":"12345678903","user_id":"4","status":"NEW","accrual":0}
{"level":"debug","timestamp":"2026-03-17 23:07:29","caller":"service/accrual_worker.go:80","msg":"accrual response received","order":"","status":"","accrual":0,"code":204}
{"level":"debug","timestamp":"2026-03-17 23:07:32","caller":"service/accrual_worker.go:57","msg":"pending orders received","count":1}
{"level":"debug","timestamp":"2026-03-17 23:07:32","caller":"service/accrual_worker.go:61","msg":"get order","number":"12345678903","user_id":"4","status":"NEW","accrual":0}
{"level":"debug","timestamp":"2026-03-17 23:07:32","caller":"service/accrual_worker.go:80","msg":"accrual response received","order":"","status":"","accrual":0,"code":204}
{"level":"debug","timestamp":"2026-03-17 23:07:35","caller":"service/accrual_worker.go:57","msg":"pending orders received","count":1}
{"level":"debug","timestamp":"2026-03-17 23:07:35","caller":"service/accrual_worker.go:61","msg":"get order","number":"12345678903","user_id":"4","status":"NEW","accrual":0}
{"level":"debug","timestamp":"2026-03-17 23:07:35","caller":"service/accrual_worker.go:80","msg":"accrual response received","order":"","status":"","accrual":0,"code":204}
{"level":"debug","timestamp":"2026-03-17 23:07:38","caller":"service/accrual_worker.go:57","msg":"pending orders received","count":1}
{"level":"debug","timestamp":"2026-03-17 23:07:38","caller":"service/accrual_worker.go:61","msg":"get order","number":"12345678903","user_id":"4","status":"NEW","accrual":0}
{"level":"debug","timestamp":"2026-03-17 23:07:38","caller":"service/accrual_worker.go:80","msg":"accrual response received","order":"","status":"","accrual":0,"code":204}
{"level":"debug","timestamp":"2026-03-17 23:07:41","caller":"service/accrual_worker.go:57","msg":"pending orders received","count":1}
{"level":"debug","timestamp":"2026-03-17 23:07:41","caller":"service/accrual_worker.go:61","msg":"get order","number":"12345678903","user_id":"4","status":"NEW","accrual":0}
{"level":"debug","timestamp":"2026-03-17 23:07:41","caller":"service/accrual_worker.go:80","msg":"accrual response received","order":"","status":"","accrual":0,"code":204}
{"level":"debug","timestamp":"2026-03-17 23:07:44","caller":"service/accrual_worker.go:57","msg":"pending orders received","count":1}
{"level":"debug","timestamp":"2026-03-17 23:07:44","caller":"service/accrual_worker.go:61","msg":"get order","number":"12345678903","user_id":"4","status":"NEW","accrual":0}
{"level":"debug","timestamp":"2026-03-17 23:07:44","caller":"service/accrual_worker.go:80","msg":"accrual response received","order":"","status":"","accrual":0,"code":204}
{"level":"debug","timestamp":"2026-03-17 23:07:47","caller":"service/accrual_worker.go:57","msg":"pending orders received","count":1}
{"level":"debug","timestamp":"2026-03-17 23:07:47","caller":"service/accrual_worker.go:61","msg":"get order","number":"12345678903","user_id":"4","status":"NEW","accrual":0}
{"level":"debug","timestamp":"2026-03-17 23:07:47","caller":"service/accrual_worker.go:80","msg":"accrual response received","order":"","status":"","accrual":0,"code":204}
{"level":"debug","timestamp":"2026-03-17 23:07:50","caller":"service/accrual_worker.go:57","msg":"pending orders received","count":1}
{"level":"debug","timestamp":"2026-03-17 23:07:50","caller":"service/accrual_worker.go:61","msg":"get order","number":"12345678903","user_id":"4","status":"NEW","accrual":0}
{"level":"debug","timestamp":"2026-03-17 23:07:50","caller":"service/accrual_worker.go:80","msg":"accrual response received","order":"","status":"","accrual":0,"code":204}
{"level":"debug","timestamp":"2026-03-17 23:07:53","caller":"service/accrual_worker.go:57","msg":"pending orders received","count":1}
{"level":"debug","timestamp":"2026-03-17 23:07:53","caller":"service/accrual_worker.go:61","msg":"get order","number":"12345678903","user_id":"4","status":"NEW","accrual":0}
{"level":"debug","timestamp":"2026-03-17 23:07:53","caller":"service/accrual_worker.go:80","msg":"accrual response received","order":"","status":"","accrual":0,"code":204}
{"level":"debug","timestamp":"2026-03-17 23:07:56","caller":"service/accrual_worker.go:57","msg":"pending orders received","count":1}
{"level":"debug","timestamp":"2026-03-17 23:07:56","caller":"service/accrual_worker.go:61","msg":"get order","number":"12345678903","user_id":"4","status":"NEW","accrual":0}
{"level":"debug","timestamp":"2026-03-17 23:07:56","caller":"service/accrual_worker.go:80","msg":"accrual response received","order":"","status":"","accrual":0,"code":204}
{"level":"debug","timestamp":"2026-03-17 23:07:59","caller":"service/accrual_worker.go:57","msg":"pending orders received","count":1}
{"level":"debug","timestamp":"2026-03-17 23:07:59","caller":"service/accrual_worker.go:61","msg":"get order","number":"12345678903","user_id":"4","status":"NEW","accrual":0}
{"level":"debug","timestamp":"2026-03-17 23:07:59","caller":"service/accrual_worker.go:80","msg":"accrual response received","order":"","status":"","accrual":0,"code":204}
{"level":"debug","timestamp":"2026-03-17 23:08:02","caller":"service/accrual_worker.go:57","msg":"pending orders received","count":1}
{"level":"debug","timestamp":"2026-03-17 23:08:02","caller":"service/accrual_worker.go:61","msg":"get order","number":"12345678903","user_id":"4","status":"NEW","accrual":0}
{"level":"debug","timestamp":"2026-03-17 23:08:02","caller":"service/accrual_worker.go:80","msg":"accrual response received","order":"","status":"","accrual":0,"code":204}
{"level":"debug","timestamp":"2026-03-17 23:08:05","caller":"service/accrual_worker.go:57","msg":"pending orders received","count":1}
{"level":"debug","timestamp":"2026-03-17 23:08:05","caller":"service/accrual_worker.go:61","msg":"get order","number":"12345678903","user_id":"4","status":"NEW","accrual":0}
{"level":"debug","timestamp":"2026-03-17 23:08:05","caller":"service/accrual_worker.go:80","msg":"accrual response received","order":"","status":"","accrual":0,"code":204}
{"level":"debug","timestamp":"2026-03-17 23:08:08","caller":"service/accrual_worker.go:57","msg":"pending orders received","count":1}
{"level":"debug","timestamp":"2026-03-17 23:08:08","caller":"service/accrual_worker.go:61","msg":"get order","number":"12345678903","user_id":"4","status":"NEW","accrual":0}
{"level":"debug","timestamp":"2026-03-17 23:08:08","caller":"service/accrual_worker.go:80","msg":"accrual response received","order":"","status":"","accrual":0,"code":204}
{"level":"debug","timestamp":"2026-03-17 23:08:11","caller":"service/accrual_worker.go:57","msg":"pending orders received","count":1}
{"level":"debug","timestamp":"2026-03-17 23:08:11","caller":"service/accrual_worker.go:61","msg":"get order","number":"12345678903","user_id":"4","status":"NEW","accrual":0}
{"level":"debug","timestamp":"2026-03-17 23:08:11","caller":"service/accrual_worker.go:80","msg":"accrual response received","order":"","status":"","accrual":0,"code":204}
{"level":"debug","timestamp":"2026-03-17 23:08:14","caller":"service/accrual_worker.go:57","msg":"pending orders received","count":1}
{"level":"debug","timestamp":"2026-03-17 23:08:14","caller":"service/accrual_worker.go:61","msg":"get order","number":"12345678903","user_id":"4","status":"NEW","accrual":0}
{"level":"debug","timestamp":"2026-03-17 23:08:14","caller":"service/accrual_worker.go:80","msg":"accrual response received","order":"","status":"","accrual":0,"code":204}
{"level":"debug","timestamp":"2026-03-17 23:08:17","caller":"service/accrual_worker.go:57","msg":"pending orders received","count":1}
{"level":"debug","timestamp":"2026-03-17 23:08:17","caller":"service/accrual_worker.go:61","msg":"get order","number":"12345678903","user_id":"4","status":"NEW","accrual":0}
{"level":"debug","timestamp":"2026-03-17 23:08:17","caller":"service/accrual_worker.go:80","msg":"accrual response received","order":"","status":"","accrual":0,"code":204}
{"level":"debug","timestamp":"2026-03-17 23:08:20","caller":"service/accrual_worker.go:57","msg":"pending orders received","count":1}
{"level":"debug","timestamp":"2026-03-17 23:08:20","caller":"service/accrual_worker.go:61","msg":"get order","number":"12345678903","user_id":"4","status":"NEW","accrual":0}
{"level":"debug","timestamp":"2026-03-17 23:08:20","caller":"service/accrual_worker.go:80","msg":"accrual response received","order":"","status":"","accrual":0,"code":204}
{"level":"debug","timestamp":"2026-03-17 23:08:23","caller":"service/accrual_worker.go:57","msg":"pending orders received","count":1}
{"level":"debug","timestamp":"2026-03-17 23:08:23","caller":"service/accrual_worker.go:61","msg":"get order","number":"12345678903","user_id":"4","status":"NEW","accrual":0}
{"level":"debug","timestamp":"2026-03-17 23:08:23","caller":"service/accrual_worker.go:80","msg":"accrual response received","order":"","status":"","accrual":0,"code":204}
{"level":"debug","timestamp":"2026-03-17 23:08:26","caller":"service/accrual_worker.go:57","msg":"pending orders received","count":1}
{"level":"debug","timestamp":"2026-03-17 23:08:26","caller":"service/accrual_worker.go:61","msg":"get order","number":"12345678903","user_id":"4","status":"NEW","accrual":0}
{"level":"debug","timestamp":"2026-03-17 23:08:26","caller":"service/accrual_worker.go:80","msg":"accrual response received","order":"","status":"","accrual":0,"code":204}
{"level":"debug","timestamp":"2026-03-17 23:08:29","caller":"service/accrual_worker.go:57","msg":"pending orders received","count":1}
{"level":"debug","timestamp":"2026-03-17 23:08:29","caller":"service/accrual_worker.go:61","msg":"get order","number":"12345678903","user_id":"4","status":"NEW","accrual":0}
{"level":"debug","timestamp":"2026-03-17 23:08:29","caller":"service/accrual_worker.go:80","msg":"accrual response received","order":"","status":"","accrual":0,"code":204}
{"level":"debug","timestamp":"2026-03-17 23:08:32","caller":"service/accrual_worker.go:57","msg":"pending orders received","count":1}
{"level":"debug","timestamp":"2026-03-17 23:08:32","caller":"service/accrual_worker.go:61","msg":"get order","number":"12345678903","user_id":"4","status":"NEW","accrual":0}
{"level":"debug","timestamp":"2026-03-17 23:08:32","caller":"service/accrual_worker.go:80","msg":"accrual response received","order":"","status":"","accrual":0,"code":204}
{"level":"debug","timestamp":"2026-03-17 23:08:35","caller":"service/accrual_worker.go:57","msg":"pending orders received","count":1}
{"level":"debug","timestamp":"2026-03-17 23:08:35","caller":"service/accrual_worker.go:61","msg":"get order","number":"12345678903","user_id":"4","status":"NEW","accrual":0}
{"level":"debug","timestamp":"2026-03-17 23:08:35","caller":"service/accrual_worker.go:80","msg":"accrual response received","order":"","status":"","accrual":0,"code":204}
{"level":"debug","timestamp":"2026-03-17 23:08:38","caller":"service/accrual_worker.go:57","msg":"pending orders received","count":1}
{"level":"debug","timestamp":"2026-03-17 23:08:38","caller":"service/accrual_worker.go:61","msg":"get order","number":"12345678903","user_id":"4","status":"NEW","accrual":0}
{"level":"debug","timestamp":"2026-03-17 23:08:38","caller":"service/accrual_worker.go:80","msg":"accrual response received","order":"","status":"","accrual":0,"code":204}
{"level":"debug","timestamp":"2026-03-17 23:08:41","caller":"service/accrual_worker.go:57","msg":"pending orders received","count":1}
{"level":"debug","timestamp":"2026-03-17 23:08:41","caller":"service/accrual_worker.go:61","msg":"get order","number":"12345678903","user_id":"4","status":"NEW","accrual":0}
{"level":"debug","timestamp":"2026-03-17 23:08:41","caller":"service/accrual_worker.go:80","msg":"accrual response received","order":"","status":"","accrual":0,"code":204}
{"level":"debug","timestamp":"2026-03-17 23:08:44","caller":"service/accrual_worker.go:57","msg":"pending orders received","count":1}
{"level":"debug","timestamp":"2026-03-17 23:08:44","caller":"service/accrual_worker.go:61","msg":"get order","number":"12345678903","user_id":"4","status":"NEW","accrual":0}
{"level":"debug","timestamp":"2026-03-17 23:08:44","caller":"service/accrual_worker.go:80","msg":"accrual response received","order":"","status":"","accrual":0,"code":204}
{"level":"debug","timestamp":"2026-03-17 23:08:47","caller":"service/accrual_worker.go:57","msg":"pending orders received","count":1}
{"level":"debug","timestamp":"2026-03-17 23:08:47","caller":"service/accrual_worker.go:61","msg":"get order","number":"12345678903","user_id":"4","status":"NEW","accrual":0}
{"level":"debug","timestamp":"2026-03-17 23:08:47","caller":"service/accrual_worker.go:80","msg":"accrual response received","order":"","status":"","accrual":0,"code":204}
{"level":"debug","timestamp":"2026-03-17 23:08:50","caller":"service/accrual_worker.go:57","msg":"pending orders received","count":1}
{"level":"debug","timestamp":"2026-03-17 23:08:50","caller":"service/accrual_worker.go:61","msg":"get order","number":"12345678903","user_id":"4","status":"NEW","accrual":0}
{"level":"debug","timestamp":"2026-03-17 23:08:50","caller":"service/accrual_worker.go:80","msg":"accrual response received","order":"","status":"","accrual":0,"code":204}
{"level":"debug","timestamp":"2026-03-17 23:08:53","caller":"service/accrual_worker.go:57","msg":"pending orders received","count":1}
{"level":"debug","timestamp":"2026-03-17 23:08:53","caller":"service/accrual_worker.go:61","msg":"get order","number":"12345678903","user_id":"4","status":"NEW","accrual":0}
{"level":"debug","timestamp":"2026-03-17 23:08:53","caller":"service/accrual_worker.go:80","msg":"accrual response received","order":"","status":"","accrual":0,"code":204}
{"level":"debug","timestamp":"2026-03-17 23:08:56","caller":"service/accrual_worker.go:57","msg":"pending orders received","count":1}
{"level":"debug","timestamp":"2026-03-17 23:08:56","caller":"service/accrual_worker.go:61","msg":"get order","number":"12345678903","user_id":"4","status":"NEW","accrual":0}
{"level":"debug","timestamp":"2026-03-17 23:08:56","caller":"service/accrual_worker.go:80","msg":"accrual response received","order":"","status":"","accrual":0,"code":204}
{"level":"debug","timestamp":"2026-03-17 23:08:59","caller":"service/accrual_worker.go:57","msg":"pending orders received","count":1}
{"level":"debug","timestamp":"2026-03-17 23:08:59","caller":"service/accrual_worker.go:61","msg":"get order","number":"12345678903","user_id":"4","status":"NEW","accrual":0}
{"level":"debug","timestamp":"2026-03-17 23:08:59","caller":"service/accrual_worker.go:80","msg":"accrual response received","order":"","status":"","accrual":0,"code":204}
{"level":"debug","timestamp":"2026-03-17 23:09:02","caller":"service/accrual_worker.go:57","msg":"pending orders received","count":1}
{"level":"debug","timestamp":"2026-03-17 23:09:02","caller":"service/accrual_worker.go:61","msg":"get order","number":"12345678903","user_id":"4","status":"NEW","accrual":0}
{"level":"debug","timestamp":"2026-03-17 23:09:02","caller":"service/accrual_worker.go:80","msg":"accrual response received","order":"","status":"","accrual":0,"code":204}
{"level":"debug","timestamp":"2026-03-17 23:09:05","caller":"service/accrual_worker.go:57","msg":"pending orders received","count":1}
{"level":"debug","timestamp":"2026-03-17 23:09:05","caller":"service/accrual_worker.go:61","msg":"get order","number":"12345678903","user_id":"4","status":"NEW","accrual":0}
{"level":"debug","timestamp":"2026-03-17 23:09:05","caller":"service/accrual_worker.go:80","msg":"accrual response received","order":"","status":"","accrual":0,"code":204}
{"level":"debug","timestamp":"2026-03-17 23:09:08","caller":"service/accrual_worker.go:57","msg":"pending orders received","count":1}
{"level":"debug","timestamp":"2026-03-17 23:09:08","caller":"service/accrual_worker.go:61","msg":"get order","number":"12345678903","user_id":"4","status":"NEW","accrual":0}
{"level":"debug","timestamp":"2026-03-17 23:09:08","caller":"service/accrual_worker.go:80","msg":"accrual response received","order":"","status":"","accrual":0,"code":204}
{"level":"debug","timestamp":"2026-03-17 23:09:11","caller":"service/accrual_worker.go:57","msg":"pending orders received","count":1}
{"level":"debug","timestamp":"2026-03-17 23:09:11","caller":"service/accrual_worker.go:61","msg":"get order","number":"12345678903","user_id":"4","status":"NEW","accrual":0}
{"level":"debug","timestamp":"2026-03-17 23:09:11","caller":"service/accrual_worker.go:80","msg":"accrual response received","order":"","status":"","accrual":0,"code":204}
{"level":"debug","timestamp":"2026-03-17 23:09:14","caller":"service/accrual_worker.go:57","msg":"pending orders received","count":1}
{"level":"debug","timestamp":"2026-03-17 23:09:14","caller":"service/accrual_worker.go:61","msg":"get order","number":"12345678903","user_id":"4","status":"NEW","accrual":0}
{"level":"debug","timestamp":"2026-03-17 23:09:14","caller":"service/accrual_worker.go:80","msg":"accrual response received","order":"","status":"","accrual":0,"code":204}
{"level":"debug","timestamp":"2026-03-17 23:09:17","caller":"service/accrual_worker.go:57","msg":"pending orders received","count":1}
{"level":"debug","timestamp":"2026-03-17 23:09:17","caller":"service/accrual_worker.go:61","msg":"get order","number":"12345678903","user_id":"4","status":"NEW","accrual":0}
{"level":"debug","timestamp":"2026-03-17 23:09:17","caller":"service/accrual_worker.go:80","msg":"accrual response received","order":"","status":"","accrual":0,"code":204}
{"level":"debug","timestamp":"2026-03-17 23:09:20","caller":"service/accrual_worker.go:57","msg":"pending orders received","count":1}
{"level":"debug","timestamp":"2026-03-17 23:09:20","caller":"service/accrual_worker.go:61","msg":"get order","number":"12345678903","user_id":"4","status":"NEW","accrual":0}
{"level":"debug","timestamp":"2026-03-17 23:09:20","caller":"service/accrual_worker.go:80","msg":"accrual response received","order":"","status":"","accrual":0,"code":204}
{"level":"debug","timestamp":"2026-03-17 23:09:23","caller":"service/accrual_worker.go:57","msg":"pending orders received","count":1}
{"level":"debug","timestamp":"2026-03-17 23:09:23","caller":"service/accrual_worker.go:61","msg":"get order","number":"12345678903","user_id":"4","status":"NEW","accrual":0}
{"level":"debug","timestamp":"2026-03-17 23:09:23","caller":"service/accrual_worker.go:80","msg":"accrual response received","order":"","status":"","accrual":0,"code":204}
{"level":"debug","timestamp":"2026-03-17 23:09:26","caller":"service/accrual_worker.go:57","msg":"pending orders received","count":1}
{"level":"debug","timestamp":"2026-03-17 23:09:26","caller":"service/accrual_worker.go:61","msg":"get order","number":"12345678903","user_id":"4","status":"NEW","accrual":0}
{"level":"debug","timestamp":"2026-03-17 23:09:26","caller":"service/accrual_worker.go:80","msg":"accrual response received","order":"","status":"","accrual":0,"code":204}
{"level":"debug","timestamp":"2026-03-17 23:09:29","caller":"service/accrual_worker.go:57","msg":"pending orders received","count":1}
{"level":"debug","timestamp":"2026-03-17 23:09:29","caller":"service/accrual_worker.go:61","msg":"get order","number":"12345678903","user_id":"4","status":"NEW","accrual":0}
{"level":"debug","timestamp":"2026-03-17 23:09:29","caller":"service/accrual_worker.go:80","msg":"accrual response received","order":"","status":"","accrual":0,"code":204}
{"level":"debug","timestamp":"2026-03-17 23:09:32","caller":"service/accrual_worker.go:57","msg":"pending orders received","count":1}
{"level":"debug","timestamp":"2026-03-17 23:09:32","caller":"service/accrual_worker.go:61","msg":"get order","number":"12345678903","user_id":"4","status":"NEW","accrual":0}
{"level":"debug","timestamp":"2026-03-17 23:09:32","caller":"service/accrual_worker.go:80","msg":"accrual response received","order":"","status":"","accrual":0,"code":204}
{"level":"debug","timestamp":"2026-03-17 23:09:35","caller":"service/accrual_worker.go:57","msg":"pending orders received","count":1}
{"level":"debug","timestamp":"2026-03-17 23:09:35","caller":"service/accrual_worker.go:61","msg":"get order","number":"12345678903","user_id":"4","status":"NEW","accrual":0}
{"level":"debug","timestamp":"2026-03-17 23:09:35","caller":"service/accrual_worker.go:80","msg":"accrual response received","order":"","status":"","accrual":0,"code":204}
{"level":"debug","timestamp":"2026-03-17 23:09:38","caller":"service/accrual_worker.go:57","msg":"pending orders received","count":1}
{"level":"debug","timestamp":"2026-03-17 23:09:38","caller":"service/accrual_worker.go:61","msg":"get order","number":"12345678903","user_id":"4","status":"NEW","accrual":0}
{"level":"debug","timestamp":"2026-03-17 23:09:38","caller":"service/accrual_worker.go:80","msg":"accrual response received","order":"","status":"","accrual":0,"code":204}
{"level":"debug","timestamp":"2026-03-17 23:09:41","caller":"service/accrual_worker.go:57","msg":"pending orders received","count":1}
{"level":"debug","timestamp":"2026-03-17 23:09:41","caller":"service/accrual_worker.go:61","msg":"get order","number":"12345678903","user_id":"4","status":"NEW","accrual":0}
{"level":"debug","timestamp":"2026-03-17 23:09:41","caller":"service/accrual_worker.go:80","msg":"accrual response received","order":"","status":"","accrual":0,"code":204}
{"level":"debug","timestamp":"2026-03-17 23:09:44","caller":"service/accrual_worker.go:57","msg":"pending orders received","count":1}
{"level":"debug","timestamp":"2026-03-17 23:09:44","caller":"service/accrual_worker.go:61","msg":"get order","number":"12345678903","user_id":"4","status":"NEW","accrual":0}
{"level":"debug","timestamp":"2026-03-17 23:09:44","caller":"service/accrual_worker.go:80","msg":"accrual response received","order":"","status":"","accrual":0,"code":204}
{"level":"debug","timestamp":"2026-03-17 23:09:47","caller":"service/accrual_worker.go:57","msg":"pending orders received","count":1}
{"level":"debug","timestamp":"2026-03-17 23:09:47","caller":"service/accrual_worker.go:61","msg":"get order","number":"12345678903","user_id":"4","status":"NEW","accrual":0}
{"level":"debug","timestamp":"2026-03-17 23:09:47","caller":"service/accrual_worker.go:80","msg":"accrual response received","order":"","status":"","accrual":0,"code":204}
{"level":"debug","timestamp":"2026-03-17 23:09:50","caller":"service/accrual_worker.go:57","msg":"pending orders received","count":1}
{"level":"debug","timestamp":"2026-03-17 23:09:50","caller":"service/accrual_worker.go:61","msg":"get order","number":"12345678903","user_id":"4","status":"NEW","accrual":0}
{"level":"debug","timestamp":"2026-03-17 23:09:50","caller":"service/accrual_worker.go:80","msg":"accrual response received","order":"","status":"","accrual":0,"code":204}
{"level":"debug","timestamp":"2026-03-17 23:09:53","caller":"service/accrual_worker.go:57","msg":"pending orders received","count":1}
{"level":"debug","timestamp":"2026-03-17 23:09:53","caller":"service/accrual_worker.go:61","msg":"get order","number":"12345678903","user_id":"4","status":"NEW","accrual":0}
{"level":"debug","timestamp":"2026-03-17 23:09:53","caller":"service/accrual_worker.go:80","msg":"accrual response received","order":"","status":"","accrual":0,"code":204}
{"level":"debug","timestamp":"2026-03-17 23:09:56","caller":"service/accrual_worker.go:57","msg":"pending orders received","count":1}
{"level":"debug","timestamp":"2026-03-17 23:09:56","caller":"service/accrual_worker.go:61","msg":"get order","number":"12345678903","user_id":"4","status":"NEW","accrual":0}
{"level":"debug","timestamp":"2026-03-17 23:09:56","caller":"service/accrual_worker.go:80","msg":"accrual response received","order":"","status":"","accrual":0,"code":204}
{"level":"debug","timestamp":"2026-03-17 23:09:59","caller":"service/accrual_worker.go:57","msg":"pending orders received","count":1}
{"level":"debug","timestamp":"2026-03-17 23:09:59","caller":"service/accrual_worker.go:61","msg":"get order","number":"12345678903","user_id":"4","status":"NEW","accrual":0}
{"level":"debug","timestamp":"2026-03-17 23:09:59","caller":"service/accrual_worker.go:80","msg":"accrual response received","order":"","status":"","accrual":0,"code":204}
{"level":"debug","timestamp":"2026-03-17 23:10:02","caller":"service/accrual_worker.go:57","msg":"pending orders received","count":1}
{"level":"debug","timestamp":"2026-03-17 23:10:02","caller":"service/accrual_worker.go:61","msg":"get order","number":"12345678903","user_id":"4","status":"NEW","accrual":0}
{"level":"debug","timestamp":"2026-03-17 23:10:02","caller":"service/accrual_worker.go:80","msg":"accrual response received","order":"","status":"","accrual":0,"code":204}
{"level":"debug","timestamp":"2026-03-17 23:10:05","caller":"service/accrual_worker.go:57","msg":"pending orders received","count":1}
{"level":"debug","timestamp":"2026-03-17 23:10:05","caller":"service/accrual_worker.go:61","msg":"get order","number":"12345678903","user_id":"4","status":"NEW","accrual":0}
{"level":"debug","timestamp":"2026-03-17 23:10:05","caller":"service/accrual_worker.go:80","msg":"accrual response received","order":"","status":"","accrual":0,"code":204}
{"level":"debug","timestamp":"2026-03-17 23:10:08","caller":"service/accrual_worker.go:57","msg":"pending orders received","count":1}
{"level":"debug","timestamp":"2026-03-17 23:10:08","caller":"service/accrual_worker.go:61","msg":"get order","number":"12345678903","user_id":"4","status":"NEW","accrual":0}
{"level":"debug","timestamp":"2026-03-17 23:10:08","caller":"service/accrual_worker.go:80","msg":"accrual response received","order":"","status":"","accrual":0,"code":204}
{"level":"debug","timestamp":"2026-03-17 23:10:11","caller":"service/accrual_worker.go:57","msg":"pending orders received","count":1}
{"level":"debug","timestamp":"2026-03-17 23:10:11","caller":"service/accrual_worker.go:61","msg":"get order","number":"12345678903","user_id":"4","status":"NEW","accrual":0}
{"level":"debug","timestamp":"2026-03-17 23:10:11","caller":"service/accrual_worker.go:80","msg":"accrual response received","order":"","status":"","accrual":0,"code":204}
{"level":"debug","timestamp":"2026-03-17 23:10:14","caller":"service/accrual_worker.go:57","msg":"pending orders received","count":1}
{"level":"debug","timestamp":"2026-03-17 23:10:14","caller":"service/accrual_worker.go:61","msg":"get order","number":"12345678903","user_id":"4","status":"NEW","accrual":0}
{"level":"debug","timestamp":"2026-03-17 23:10:14","caller":"service/accrual_worker.go:80","msg":"accrual response received","order":"","status":"","accrual":0,"code":204}
{"level":"debug","timestamp":"2026-03-17 23:10:17","caller":"service/accrual_worker.go:57","msg":"pending orders received","count":1}
{"level":"debug","timestamp":"2026-03-17 23:10:17","caller":"service/accrual_worker.go:61","msg":"get order","number":"12345678903","user_id":"4","status":"NEW","accrual":0}
{"level":"debug","timestamp":"2026-03-17 23:10:17","caller":"service/accrual_worker.go:80","msg":"accrual response received","order":"","status":"","accrual":0,"code":204}
{"level":"debug","timestamp":"2026-03-17 23:10:20","caller":"service/accrual_worker.go:57","msg":"pending orders received","count":1}
{"level":"debug","timestamp":"2026-03-17 23:10:20","caller":"service/accrual_worker.go:61","msg":"get order","number":"12345678903","user_id":"4","status":"NEW","accrual":0}
{"level":"debug","timestamp":"2026-03-17 23:10:20","caller":"service/accrual_worker.go:80","msg":"accrual response received","order":"","status":"","accrual":0,"code":204}
{"level":"debug","timestamp":"2026-03-17 23:10:23","caller":"service/accrual_worker.go:57","msg":"pending orders received","count":1}
{"level":"debug","timestamp":"2026-03-17 23:10:23","caller":"service/accrual_worker.go:61","msg":"get order","number":"12345678903","user_id":"4","status":"NEW","accrual":0}
{"level":"debug","timestamp":"2026-03-17 23:10:23","caller":"service/accrual_worker.go:80","msg":"accrual response received","order":"","status":"","accrual":0,"code":204}
{"level":"debug","timestamp":"2026-03-17 23:10:26","caller":"service/accrual_worker.go:57","msg":"pending orders received","count":1}
{"level":"debug","timestamp":"2026-03-17 23:10:26","caller":"service/accrual_worker.go:61","msg":"get order","number":"12345678903","user_id":"4","status":"NEW","accrual":0}
{"level":"debug","timestamp":"2026-03-17 23:10:26","caller":"service/accrual_worker.go:80","msg":"accrual response received","order":"","status":"","accrual":0,"code":204}
{"level":"debug","timestamp":"2026-03-17 23:10:29","caller":"service/accrual_worker.go:57","msg":"pending orders received","count":1}
{"level":"debug","timestamp":"2026-03-17 23:10:29","caller":"service/accrual_worker.go:61","msg":"get order","number":"12345678903","user_id":"4","status":"NEW","accrual":0}
{"level":"debug","timestamp":"2026-03-17 23:10:29","caller":"service/accrual_worker.go:80","msg":"accrual response received","order":"","status":"","accrual":0,"code":204}
{"level":"debug","timestamp":"2026-03-17 23:10:32","caller":"service/accrual_worker.go:57","msg":"pending orders received","count":1}
{"level":"debug","timestamp":"2026-03-17 23:10:32","caller":"service/accrual_worker.go:61","msg":"get order","number":"12345678903","user_id":"4","status":"NEW","accrual":0}
{"level":"debug","timestamp":"2026-03-17 23:10:32","caller":"service/accrual_worker.go:80","msg":"accrual response received","order":"","status":"","accrual":0,"code":204}
{"level":"info","timestamp":"2026-03-17 23:10:34","caller":"http/router.go:61","msg":"HTTP server shutdown triggered by context"}
{"level":"info","timestamp":"2026-03-17 23:10:34","caller":"app/app.go:65","msg":"Shutting down application..."}
{"level":"info","timestamp":"2026-03-17 23:10:34","caller":"app/app.go:71","msg":"Application terminated gracefully"}
